// Jest Snapshot v1, https://goo.gl/fbAQLP

exports[`Login renders correctly 1`] = `
ShallowWrapper {
  "length": 1,
  Symbol(enzyme.__root__): [Circular],
  Symbol(enzyme.__unrendered__): <Login />,
  Symbol(enzyme.__renderer__): Object {
    "batchedUpdates": [Function],
    "getNode": [Function],
    "render": [Function],
    "simulateEvent": [Function],
    "unmount": [Function],
  },
  Symbol(enzyme.__node__): Object {
    "instance": null,
    "key": undefined,
    "nodeType": "host",
    "props": Object {
      "children": Array [
        <Link
          className="btn btn-primary"
          replace={false}
          to="/pin-entry"
        >
          Manager
        </Link>,
        <Link
          className="btn btn-primary"
          replace={false}
          to="/pin-entry"
        >
          Employee
        </Link>,
      ],
    },
    "ref": null,
    "rendered": Array [
      Object {
        "instance": null,
        "key": undefined,
        "nodeType": "class",
        "props": Object {
          "children": "Manager",
          "className": "btn btn-primary",
          "replace": false,
          "to": "/pin-entry",
        },
        "ref": null,
        "rendered": "Manager",
        "type": [Function],
      },
      Object {
        "instance": null,
        "key": undefined,
        "nodeType": "class",
        "props": Object {
          "children": "Employee",
          "className": "btn btn-primary",
          "replace": false,
          "to": "/pin-entry",
        },
        "ref": null,
        "rendered": "Employee",
        "type": [Function],
      },
    ],
    "type": "div",
  },
  Symbol(enzyme.__nodes__): Array [
    Object {
      "instance": null,
      "key": undefined,
      "nodeType": "host",
      "props": Object {
        "children": Array [
          <Link
            className="btn btn-primary"
            replace={false}
            to="/pin-entry"
          >
            Manager
          </Link>,
          <Link
            className="btn btn-primary"
            replace={false}
            to="/pin-entry"
          >
            Employee
          </Link>,
        ],
      },
      "ref": null,
      "rendered": Array [
        Object {
          "instance": null,
          "key": undefined,
          "nodeType": "class",
          "props": Object {
            "children": "Manager",
            "className": "btn btn-primary",
            "replace": false,
            "to": "/pin-entry",
          },
          "ref": null,
          "rendered": "Manager",
          "type": [Function],
        },
        Object {
          "instance": null,
          "key": undefined,
          "nodeType": "class",
          "props": Object {
            "children": "Employee",
            "className": "btn btn-primary",
            "replace": false,
            "to": "/pin-entry",
          },
          "ref": null,
          "rendered": "Employee",
          "type": [Function],
        },
      ],
      "type": "div",
    },
  ],
  Symbol(enzyme.__options__): Object {
    "adapter": ReactSixteenAdapter {
      "options": Object {
        "enableComponentDidUpdateOnSetState": true,
      },
    },
  },
}
`;
