// Jest Snapshot v1, https://goo.gl/fbAQLP

exports[`Navbar renders correctly 1`] = `
ShallowWrapper {
  "length": 1,
  Symbol(enzyme.__root__): [Circular],
  Symbol(enzyme.__unrendered__): <AppNavbar
    i18n={
      Object {
        "header": "Header",
      }
    }
  />,
  Symbol(enzyme.__renderer__): Object {
    "batchedUpdates": [Function],
    "getNode": [Function],
    "render": [Function],
    "simulateEvent": [Function],
    "unmount": [Function],
  },
  Symbol(enzyme.__node__): Object {
    "instance": null,
    "key": undefined,
    "nodeType": "class",
    "props": Object {
      "bsStyle": "default",
      "children": <NavbarHeader
        style={
          Object {
            "color": "#fff",
            "fontSize": "3em",
          }
        }
      >
        Header
      </NavbarHeader>,
      "style": Object {
        "backgroundColor": "#44C938",
      },
    },
    "ref": null,
    "rendered": Object {
      "instance": null,
      "key": undefined,
      "nodeType": "class",
      "props": Object {
        "children": "Header",
        "style": Object {
          "color": "#fff",
          "fontSize": "3em",
        },
      },
      "ref": null,
      "rendered": "Header",
      "type": [Function],
    },
    "type": [Function],
  },
  Symbol(enzyme.__nodes__): Array [
    Object {
      "instance": null,
      "key": undefined,
      "nodeType": "class",
      "props": Object {
        "bsStyle": "default",
        "children": <NavbarHeader
          style={
            Object {
              "color": "#fff",
              "fontSize": "3em",
            }
          }
        >
          Header
        </NavbarHeader>,
        "style": Object {
          "backgroundColor": "#44C938",
        },
      },
      "ref": null,
      "rendered": Object {
        "instance": null,
        "key": undefined,
        "nodeType": "class",
        "props": Object {
          "children": "Header",
          "style": Object {
            "color": "#fff",
            "fontSize": "3em",
          },
        },
        "ref": null,
        "rendered": "Header",
        "type": [Function],
      },
      "type": [Function],
    },
  ],
  Symbol(enzyme.__options__): Object {
    "adapter": ReactSixteenAdapter {
      "options": Object {
        "enableComponentDidUpdateOnSetState": true,
      },
    },
  },
}
`;
